Microchip MPLAB XC8 Compiler V2.32

Linker command line:

-W-3 --edf=C:\Program Files\Microchip\xc8\v2.32\pic\dat\en_msgs.txt -cn \
  -h+dist/default/production\Microwave_oven_simulator.X.production.sym \
  --cmf=dist/default/production\Microwave_oven_simulator.X.production.cmf \
  -z -Q16F877A -oC:\Users\SANJU\AppData\Local\Temp\xcAs7ck.4 \
  --defsym=__MPLAB_BUILD=1 \
  -Mdist/default/production/Microwave_oven_simulator.X.production.map -E1 \
  -ver=XC8 Compiler --acfsm=1493 -ASTACK=0110h-016Fh -pstack=STACK \
  -ACODE=00h-07FFhx4 -ASTRCODE=00h-01FFFh -ASTRING=00h-0FFhx32 \
  -ACONST=00h-0FFhx32 -AENTRY=00h-0FFhx32 -ACOMMON=070h-07Fh \
  -ABANK0=020h-06Fh -ABANK1=0A0h-0EFh -ABANK2=0110h-016Fh \
  -ABANK3=0190h-01EFh -ARAM=020h-06Fh,0A0h-0EFh,0110h-016Fh,0190h-01EFh \
  -AABS1=020h-07Fh,0A0h-0EFh,0110h-016Fh,0190h-01EFh -ASFR0=00h-01Fh \
  -ASFR1=080h-09Fh -ASFR2=0100h-010Fh -ASFR3=0180h-018Fh \
  -ACONFIG=02007h-02007h -DCONFIG=2 -AIDLOC=02000h-02003h -DIDLOC=2 \
  -AEEDATA=00h-0FFh/02100h -peeprom_data=EEDATA -DEEDATA=2 -DCODE=2 \
  -DSTRCODE=2 -DSTRING=2 -DCONST=2 -DENTRY=2 \
  -preset_vec=00h,intentry=04h,init,end_init -ppowerup=CODE -pcinit=CODE \
  -pfunctab=ENTRY -k C:\Users\SANJU\AppData\Local\Temp\xcAs7ck.o \
  dist/default/production\Microwave_oven_simulator.X.production.o 

Object code version is 3.11

Machine type is 16F877A



                Name                               Link     Load   Length Selector   Space Scale
C:\Users\SANJU\AppData\Local\Temp\xcAs7ck.o
                end_init                              C        C        3        8       0
                reset_vec                             0        0        3        0       0
                config                             2007     2007        1        0       4
dist/default/production\Microwave_oven_simulator.X.production.o
                cinit                                 F        F       14        8       0
                intentry                              4        4        8        8       0
                config                             2007     2007        1        0       4
                text21                              DA7      DA7       37     1B4E       0
                text20                              D71      D71       36     1AE2       0
                text19                              D3E      D3E       33     1A7C       0
                text18                              7B4      7B4       3D      E10       0
                text17                              E98      E98       63     1D30       0
                text16                              CBB      CBB        B     1976       0
                text15                              CD3      CD3       10     19A6       0
                text14                              CC6      CC6        D     198C       0
                text13                              CF8      CF8       21     19F0       0
                text12                              CE3      CE3       15     19C6       0
                text11                              E39      E39       5F     1C72       0
                text10                              708      708       AC      E10       0
                text9                               D19      D19       25     1A32       0
                text8                               543      543       69        8       0
                text7                               DDE      DDE       5B     1BBC       0
                text6                               5E7      5E7       15        8       0
                text5                               7F1      7F1        D      E10       0
                text4                               1FD      1FD      1D7        8       0
                text3                                23       23      1DA        8       0
                text2                               5AC      5AC       3B        8       0
                text1                               EFB      EFB      105     1DF6       0
                maintext                            3D4      3D4      16F        8       0
                cstackBANK0                          3B       3B       15       20       1
                cstackCOMMON                         70       70        9       70       1
                clrtext                             CB3      CB3        8     1966       0
                bssBANK0                             20       20       1B       20       1
                dataCOMMON                           7A       7A        1       70       1
                bssCOMMON                            79       79        1       70       1
                stringtext                          600      600      108        C       0
                strings                             800      800       12     1000       0
                idataCOMMON                         7FE      7FE        1      E10       0

TOTAL           Name                               Link     Load   Length     Space
        CLASS   STACK          

        CLASS   CODE           
                end_init                              C        C        3         0
                cinit                                 F        F       14         0
                intentry                              4        4        8         0
                reset_vec                             0        0        3         0
                text21                              DA7      DA7       37         0
                text20                              D71      D71       36         0
                text19                              D3E      D3E       33         0
                text18                              7B4      7B4       3D         0
                text17                              E98      E98       63         0
                text16                              CBB      CBB        B         0
                text15                              CD3      CD3       10         0
                text14                              CC6      CC6        D         0
                text13                              CF8      CF8       21         0
                text12                              CE3      CE3       15         0
                text11                              E39      E39       5F         0
                text10                              708      708       AC         0
                text9                               D19      D19       25         0
                text8                               543      543       69         0
                text7                               DDE      DDE       5B         0
                text6                               5E7      5E7       15         0
                text5                               7F1      7F1        D         0
                text4                               1FD      1FD      1D7         0
                text3                                23       23      1DA         0
                text2                               5AC      5AC       3B         0
                text1                               EFB      EFB      105         0
                maintext                            3D4      3D4      16F         0
                clrtext                             CB3      CB3        8         0
                idataCOMMON                         7FE      7FE        1         0

        CLASS   STRCODE        
                stringtext                          600      600      108         0

        CLASS   STRING         
                strings                             800      800       12         0

        CLASS   CONST          

        CLASS   ENTRY          

        CLASS   COMMON         
                cstackCOMMON                         70       70        9         1
                dataCOMMON                           7A       7A        1         1
                bssCOMMON                            79       79        1         1

        CLASS   BANK0          
                cstackBANK0                          3B       3B       15         1
                bssBANK0                             20       20       1B         1

        CLASS   BANK1          

        CLASS   BANK2          

        CLASS   BANK3          

        CLASS   RAM            

        CLASS   ABS1           
                abs_s1                               7E       7E        2         1

        CLASS   SFR0           

        CLASS   SFR1           

        CLASS   SFR2           

        CLASS   SFR3           

        CLASS   CONFIG         
                config                             2007     2007        1         4

        CLASS   IDLOC          

        CLASS   EEDATA         



SEGMENTS        Name                           Load    Length   Top    Selector   Space  Class     Delta

                reset_vec                      000000  000003  000003         0       0  CODE        2
                intentry                       000004  0005F8  0005FC         8       0  CODE        2
                bssBANK0                       000020  000030  000050        20       1  BANK0       1
                cstackCOMMON                   000070  00000B  00007B        70       1  COMMON      1
                stringtext                     000600  000108  000708         C       0  STRCODE     2
                text10                         000708  0000F7  0007FF       E10       0  CODE        2
                strings                        000800  000012  000812      1000       0  STRING      2
                clrtext                        000CB3  000008  000CBB      1966       0  CODE        2
                text16                         000CBB  00000B  000CC6      1976       0  CODE        2
                text14                         000CC6  00000D  000CD3      198C       0  CODE        2
                text15                         000CD3  000010  000CE3      19A6       0  CODE        2
                text12                         000CE3  000015  000CF8      19C6       0  CODE        2
                text13                         000CF8  000021  000D19      19F0       0  CODE        2
                text9                          000D19  000025  000D3E      1A32       0  CODE        2
                text19                         000D3E  000033  000D71      1A7C       0  CODE        2
                text20                         000D71  000036  000DA7      1AE2       0  CODE        2
                text21                         000DA7  000037  000DDE      1B4E       0  CODE        2
                text7                          000DDE  00005B  000E39      1BBC       0  CODE        2
                text11                         000E39  00005F  000E98      1C72       0  CODE        2
                text17                         000E98  000063  000EFB      1D30       0  CODE        2
                text1                          000EFB  000105  001000      1DF6       0  CODE        2


UNUSED ADDRESS RANGES

        Name                Unused          Largest block    Delta
        BANK0            0050-006F             20           1
        BANK1            00A0-00EF             50           1
        BANK2            0110-016F             60           1
        BANK3            0190-01EF             60           1
        CODE             0003-0003              1           2
                         05FC-05FF              4
                         07FF-07FF              1
                         0812-0CB2            4A1
                         1000-1FFF            800
        COMMON           007B-007D              3           1
        CONST            0003-0003              1           2
                         05FC-05FF              4
                         07FF-07FF              1
                         0812-0CB2            100
                         1000-1FFF            100
        EEDATA           2100-21FF            100           2
        ENTRY            0003-0003              1           2
                         05FC-05FF              4
                         07FF-07FF              1
                         0812-0CB2            100
                         1000-1FFF            100
        IDLOC            2000-2003              4           2
        RAM              0050-006F             20           1
                         00A0-00EF             50
                         0110-016F             60
                         0190-01EF             60
        SFR0             0000-001F             20           1
        SFR1             0080-009F             20           1
        SFR2             0100-010F             10           1
        SFR3             0180-018F             10           1
        STACK            0110-016F             60           1
        STRCODE          0003-0003              1           2
                         05FC-05FF              4
                         07FF-07FF              1
                         0812-0CB2            4A1
                         1000-1FFF           1000
        STRING           0003-0003              1           2
                         05FC-05FF              4
                         07FF-07FF              1
                         0812-0CB2            100
                         1000-1FFF            100

                                  Symbol Table

?___awdiv                         cstackCOMMON 0073
?___awmod                         cstackBANK0  003F
_GIE                              (abs)        005F
_PEIE                             (abs)        005E
_PORTD                            (abs)        0008
_PR2                              (abs)        0092
_RB0                              (abs)        0030
_RB1                              (abs)        0031
_RB2                              (abs)        0032
_RB3                              (abs)        0033
_RC1                              (abs)        0039
_RC2                              (abs)        003A
_RD0                              (abs)        0040
_RD1                              (abs)        0041
_RD2                              (abs)        0042
_RD3                              (abs)        0043
_RE1                              (abs)        0049
_RE2                              (abs)        004A
_T2CKPS0                          (abs)        0090
_T2CKPS1                          (abs)        0091
_TMR2IE                           (abs)        0461
_TMR2IF                           (abs)        0061
_TMR2ON                           (abs)        0092
_TRISB                            (abs)        0086
_TRISB3                           (abs)        0433
_TRISC1                           (abs)        0439
_TRISC2                           (abs)        043A
_TRISD                            (abs)        0088
_TRISE1                           (abs)        0449
_TRISE2                           (abs)        044A
__Habs1                           abs1         0000
__Hbank0                          bank0        0000
__Hbank1                          bank1        0000
__Hbank2                          bank2        0000
__Hbank3                          bank3        0000
__HbssBANK0                       bssBANK0     0000
__HbssCOMMON                      bssCOMMON    0000
__Hcinit                          cinit        0023
__Hclrtext                        clrtext      0000
__Hcode                           code         0000
__Hcommon                         common       0000
__Hconfig                         config       2008
__HcstackBANK0                    cstackBANK0  0000
__HcstackCOMMON                   cstackCOMMON 0000
__HdataCOMMON                     dataCOMMON   0000
__Heeprom_data                    eeprom_data  0000
__Hend_init                       end_init     000F
__Hfunctab                        functab      0000
__HidataCOMMON                    idataCOMMON  0000
__Hinit                           init         000C
__Hintentry                       intentry     000C
__Hmaintext                       maintext     0000
__Hpowerup                        powerup      0000
__Hram                            ram          0000
__Hreset_vec                      reset_vec    0003
__Hsfr0                           sfr0         0000
__Hsfr1                           sfr1         0000
__Hsfr2                           sfr2         0000
__Hsfr3                           sfr3         0000
__Hspace_0                        (abs)        1000
__Hspace_1                        (abs)        007B
__Hspace_2                        (abs)        0000
__Hspace_3                        (abs)        0000
__Hspace_4                        (abs)        400F
__Hstack                          stack        0000
__Hstrings                        strings      0000
__Hstringtext                     stringtext   0000
__Htext                           text         0000
__Labs1                           abs1         0000
__Lbank0                          bank0        0000
__Lbank1                          bank1        0000
__Lbank2                          bank2        0000
__Lbank3                          bank3        0000
__LbssBANK0                       bssBANK0     0000
__LbssCOMMON                      bssCOMMON    0000
__Lcinit                          cinit        000F
__Lclrtext                        clrtext      0000
__Lcode                           code         0000
__Lcommon                         common       0000
__Lconfig                         config       0000
__LcstackBANK0                    cstackBANK0  0000
__LcstackCOMMON                   cstackCOMMON 0000
__LdataCOMMON                     dataCOMMON   0000
__Leeprom_data                    eeprom_data  0000
__Lend_init                       end_init     000C
__Lfunctab                        functab      0000
__LidataCOMMON                    idataCOMMON  0000
__Linit                           init         000C
__Lintentry                       intentry     0004
__Lmaintext                       maintext     0000
__Lpowerup                        powerup      0000
__Lram                            ram          0000
__Lreset_vec                      reset_vec    0000
__Lsfr0                           sfr0         0000
__Lsfr1                           sfr1         0000
__Lsfr2                           sfr2         0000
__Lsfr3                           sfr3         0000
__Lspace_0                        (abs)        0000
__Lspace_1                        (abs)        0000
__Lspace_2                        (abs)        0000
__Lspace_3                        (abs)        0000
__Lspace_4                        (abs)        0000
__Lstack                          stack        0000
__Lstrings                        strings      0000
__Lstringtext                     stringtext   0000
__Ltext                           text         0000
__S0                              (abs)        1000
__S1                              (abs)        007B
__S2                              (abs)        0000
__S3                              (abs)        0000
___awdiv                          text8        0543
___awdiv@counter                  cstackBANK0  003B
___awdiv@dividend                 cstackCOMMON 0075
___awdiv@divisor                  cstackCOMMON 0073
___awdiv@quotient                 cstackBANK0  003D
___awdiv@sign                     cstackBANK0  003C
___awmod                          text7        0DDE
___awmod@counter                  cstackBANK0  0043
___awmod@dividend                 cstackBANK0  0041
___awmod@divisor                  cstackBANK0  003F
___awmod@sign                     cstackBANK0  0044
___bmul                           text6        05E7
___bmul@multiplicand              cstackCOMMON 0073
___bmul@multiplier                cstackCOMMON 0076
___bmul@product                   cstackCOMMON 0075
___int_sp                         stack        0000
___latbits                        (abs)        0002
___sp                             stack        0000
___stackhi                        (abs)        0000
___stacklo                        (abs)        0000
__end_of___awdiv                  text8        05AC
__end_of___awmod                  text7        0E39
__end_of___bmul                   text6        05FC
__end_of__initialization          cinit        001F
__end_of__stringtab               strings      0812
__end_of_clcd_print               text19       0D71
__end_of_clcd_putch               text12       0CF8
__end_of_clcd_write               text20       0DA7
__end_of_clear_clcd               text5        07FE
__end_of_cooking_mode_display     text18       07F1
__end_of_door_status_check        text2        05E7
__end_of_init_clcd                text16       0CC6
__end_of_init_config              text13       0D19
__end_of_init_display_controller  text17       0EFB
__end_of_init_matrix_keypad       text15       0CE3
__end_of_init_timer2              text14       0CD3
__end_of_isr                      text21       0DDE
__end_of_main                     maintext     0543
__end_of_power_on_screen          text11       0E98
__end_of_read_matrix_keypad       text9        0D3E
__end_of_scan_keypad              text10       07B4
__end_of_set_temp                 text4        03D4
__end_of_set_time                 text3        01FD
__end_of_time_display_screen      text1        1000
__initialization                  cinit        000F
__pbssBANK0                       bssBANK0     0020
__pbssCOMMON                      bssCOMMON    0079
__pcstackBANK0                    cstackBANK0  003B
__pcstackCOMMON                   cstackCOMMON 0070
__pdataCOMMON                     dataCOMMON   007A
__pidataCOMMON                    idataCOMMON  07FE
__pintentry                       intentry     0004
__pmaintext                       maintext     03D4
__pstrings                        strings      0800
__pstringtext                     stringtext   0600
__ptext1                          text1        0EFB
__ptext10                         text10       0708
__ptext11                         text11       0E39
__ptext12                         text12       0CE3
__ptext13                         text13       0CF8
__ptext14                         text14       0CC6
__ptext15                         text15       0CD3
__ptext16                         text16       0CBB
__ptext17                         text17       0E98
__ptext18                         text18       07B4
__ptext19                         text19       0D3E
__ptext2                          text2        05AC
__ptext20                         text20       0D71
__ptext21                         text21       0DA7
__ptext3                          text3        0023
__ptext4                          text4        01FD
__ptext5                          text5        07F1
__ptext6                          text6        05E7
__ptext7                          text7        0DDE
__ptext8                          text8        0543
__ptext9                          text9        0D19
__size_of___awdiv                 (abs)        0000
__size_of___awmod                 (abs)        0000
__size_of___bmul                  (abs)        0000
__size_of_clcd_print              (abs)        0000
__size_of_clcd_putch              (abs)        0000
__size_of_clcd_write              (abs)        0000
__size_of_clear_clcd              (abs)        0000
__size_of_cooking_mode_display    (abs)        0000
__size_of_door_status_check       (abs)        0000
__size_of_init_clcd               (abs)        0000
__size_of_init_config             (abs)        0000
__size_of_init_display_controller (abs)        0000
__size_of_init_matrix_keypad      (abs)        0000
__size_of_init_timer2             (abs)        0000
__size_of_isr                     (abs)        0000
__size_of_main                    (abs)        0000
__size_of_power_on_screen         (abs)        0000
__size_of_read_matrix_keypad      (abs)        0000
__size_of_scan_keypad             (abs)        0000
__size_of_set_temp                (abs)        0000
__size_of_set_time                (abs)        0000
__size_of_time_display_screen     (abs)        0000
__stringbase                      strings      0812
__stringtab                       strings      0800
_clcd_print                       text19       0D3E
_clcd_putch                       text12       0CE3
_clcd_write                       text20       0D71
_clear_clcd                       text5        07F1
_convec_mode_op                   bssBANK0     0031
_cooking_mode_display             text18       07B4
_door_status_check                text2        05AC
_init_clcd                        text16       0CBB
_init_config                      text13       0CF8
_init_display_controller          text17       0E98
_init_matrix_keypad               text15       0CD3
_init_timer2                      text14       0CC6
_isr                              text21       0DA7
_main                             maintext     03D4
_min                              bssBANK0     0035
_nRBPU                            (abs)        040F
_operation_mode                   bssBANK0     0033
_power_on_screen                  text11       0E39
_read_matrix_keypad               text9        0D19
_reset_flag                       bssBANK0     0032
_scan_keypad                      text10       0708
_sec                              bssBANK0     0036
_set_temp                         text4        01FD
_set_time                         text3        0023
_start_flag                       bssBANK0     0030
_temp                             bssBANK0     0034
_time_display_screen              text1        0EFB
btemp                             (abs)        007E
clcd_print@addr                   cstackBANK0  003D
clcd_print@str                    cstackBANK0  003B
clcd_putch@addr                   cstackBANK0  0045
clcd_putch@data                   cstackBANK0  0046
clcd_write@byte                   cstackCOMMON 0076
clcd_write@mode                   cstackCOMMON 0073
clear_ram0                        clrtext      0CB3
end_of_initialization             cinit        001F
interrupt_function                intentry     0004
intlevel0                         functab      0000
intlevel1                         functab      0000
intlevel2                         functab      0000
intlevel3                         functab      0000
intlevel4                         functab      0000
intlevel5                         functab      0000
isr@count                         bssBANK0     0020
main@key                          cstackBANK0  004F
power_on_screen@i                 cstackBANK0  004A
power_on_screen@i_120             cstackBANK0  004B
read_matrix_keypad@key            cstackCOMMON 0077
read_matrix_keypad@mode           cstackCOMMON 0076
read_matrix_keypad@once           dataCOMMON   007A
reset_vec                         reset_vec    0000
saved_w                           (abs)        007E
scan_keypad@i                     cstackCOMMON 0073
set_temp@blink                    bssBANK0     0024
set_temp@key                      cstackBANK0  004A
set_temp@key_count                bssBANK0     0022
set_temp@temp_arr                 bssBANK0     0037
set_temp@wait                     bssBANK0     0026
set_time@blink                    bssBANK0     002C
set_time@blink_pos                bssBANK0     0028
set_time@key                      cstackBANK0  004A
set_time@key_count                bssBANK0     002A
set_time@wait                     bssBANK0     002E
start                             init         000C
start_initialization              cinit        000F
wtemp0                            (abs)        007E


MODULE INFORMATION

Module		Function		Class		Link	Load	Size
C:\Program Files\Microchip\xc8\v2.32\pic\sources\c90\common\Umul8.c
		___bmul        		CODE           	05E7	0000	21

C:\Program Files\Microchip\xc8\v2.32\pic\sources\c90\common\Umul8.c estimated size: 21

timers.c
		_init_timer2   		CODE           	0CC6	0000	13

timers.c estimated size: 13

matrix_keypad.c
		_init_matrix_keypad		CODE           	0CD3	0000	16
		_read_matrix_keypad		CODE           	0D19	0000	37
		_scan_keypad   		CODE           	0708	0000	172

matrix_keypad.c estimated size: 225

C:\Program Files\Microchip\xc8\v2.32\pic\sources\c90\common\awmod.c
		___awmod       		CODE           	0DDE	0000	91

C:\Program Files\Microchip\xc8\v2.32\pic\sources\c90\common\awmod.c estimated size: 91

isr.c
		_isr           		CODE           	0DA7	0000	55

isr.c estimated size: 55

shared
		__stringtab    		STRING         	0800	0000	18
		__initialization		CODE           	000F	0000	16

shared estimated size: 34

clcd.c
		_clcd_write    		CODE           	0D71	0000	54
		_clcd_print    		CODE           	0D3E	0000	51
		_clcd_putch    		CODE           	0CE3	0000	21
		_init_display_controller		CODE           	0E98	0000	99
		_init_clcd     		CODE           	0CBB	0000	11

clcd.c estimated size: 236

C:\Program Files\Microchip\xc8\v2.32\pic\sources\c90\common\awdiv.c
		___awdiv       		CODE           	0543	0000	105

C:\Program Files\Microchip\xc8\v2.32\pic\sources\c90\common\awdiv.c estimated size: 105

main.c
		_door_status_check		CODE           	05AC	0000	59
		_time_display_screen		CODE           	0EFB	0000	261
		_main          		CODE           	03D4	0000	367
		_set_temp      		CODE           	01FD	0000	471
		_cooking_mode_display		CODE           	07B4	0000	61
		_clear_clcd    		CODE           	07F1	0000	13
		_power_on_screen		CODE           	0E39	0000	95
		_set_time      		CODE           	0023	0000	474
		_init_config   		CODE           	0CF8	0000	33

main.c estimated size: 1834

